[1.711s] Invoking command in '/opt/ros2_ws/src/moro/moro_maze': PS1=(myenv) \[\e]0;\u@\h: \w\a\]${debian_chroot:+($debian_chroot)}\[\033[01;32m\]\u@\h\[\033[00m\]:\[\033[01;34m\]\w\[\033[00m\]\$ PYTHONPATH=/opt/ros2_ws/src/moro/moro_maze/build/moro_maze/prefix_override:/usr/lib/python3/dist-packages/colcon_core/task/python/colcon_distutils_commands:/opt/ros2_ws/src/moro/moro_maze/install/moro_maze/lib/python3.12/site-packages:${PYTHONPATH} VIRTUAL_ENV_PROMPT=(myenv) /usr/bin/python3 -W ignore:setup.py install is deprecated -W ignore:easy_install command is deprecated setup.py egg_info --egg-base build/moro_maze build --build-base /opt/ros2_ws/src/moro/moro_maze/build/moro_maze/build install --record /opt/ros2_ws/src/moro/moro_maze/build/moro_maze/install.log --single-version-externally-managed install_data
[2.229s] running egg_info
[2.229s] creating build/moro_maze/moro_maze.egg-info
[2.254s] writing build/moro_maze/moro_maze.egg-info/PKG-INFO
[2.254s] writing dependency_links to build/moro_maze/moro_maze.egg-info/dependency_links.txt
[2.255s] writing entry points to build/moro_maze/moro_maze.egg-info/entry_points.txt
[2.255s] writing requirements to build/moro_maze/moro_maze.egg-info/requires.txt
[2.255s] writing top-level names to build/moro_maze/moro_maze.egg-info/top_level.txt
[2.255s] writing manifest file 'build/moro_maze/moro_maze.egg-info/SOURCES.txt'
[2.305s] reading manifest file 'build/moro_maze/moro_maze.egg-info/SOURCES.txt'
[2.307s] writing manifest file 'build/moro_maze/moro_maze.egg-info/SOURCES.txt'
[2.307s] running build
[2.307s] running build_py
[2.307s] creating /opt/ros2_ws/src/moro/moro_maze/build/moro_maze/build
[2.307s] creating /opt/ros2_ws/src/moro/moro_maze/build/moro_maze/build/lib
[2.308s] creating /opt/ros2_ws/src/moro/moro_maze/build/moro_maze/build/lib/moro_maze
[2.308s] copying moro_maze/__init__.py -> /opt/ros2_ws/src/moro/moro_maze/build/moro_maze/build/lib/moro_maze
[2.308s] copying moro_maze/local_control.py -> /opt/ros2_ws/src/moro/moro_maze/build/moro_maze/build/lib/moro_maze
[2.309s] copying moro_maze/global_planner.py -> /opt/ros2_ws/src/moro/moro_maze/build/moro_maze/build/lib/moro_maze
[2.310s] running install
[2.320s] running install_lib
[2.344s] creating /opt/ros2_ws/src/moro/moro_maze/install/moro_maze/lib/python3.12/site-packages/moro_maze
[2.345s] copying /opt/ros2_ws/src/moro/moro_maze/build/moro_maze/build/lib/moro_maze/__init__.py -> /opt/ros2_ws/src/moro/moro_maze/install/moro_maze/lib/python3.12/site-packages/moro_maze
[2.345s] copying /opt/ros2_ws/src/moro/moro_maze/build/moro_maze/build/lib/moro_maze/local_control.py -> /opt/ros2_ws/src/moro/moro_maze/install/moro_maze/lib/python3.12/site-packages/moro_maze
[2.345s] copying /opt/ros2_ws/src/moro/moro_maze/build/moro_maze/build/lib/moro_maze/global_planner.py -> /opt/ros2_ws/src/moro/moro_maze/install/moro_maze/lib/python3.12/site-packages/moro_maze
[2.346s] byte-compiling /opt/ros2_ws/src/moro/moro_maze/install/moro_maze/lib/python3.12/site-packages/moro_maze/__init__.py to __init__.cpython-312.pyc
[2.347s] byte-compiling /opt/ros2_ws/src/moro/moro_maze/install/moro_maze/lib/python3.12/site-packages/moro_maze/local_control.py to local_control.cpython-312.pyc
[2.355s] byte-compiling /opt/ros2_ws/src/moro/moro_maze/install/moro_maze/lib/python3.12/site-packages/moro_maze/global_planner.py to global_planner.cpython-312.pyc
[2.355s] running install_data
[2.356s] creating /opt/ros2_ws/src/moro/moro_maze/install/moro_maze/share/ament_index
[2.356s] creating /opt/ros2_ws/src/moro/moro_maze/install/moro_maze/share/ament_index/resource_index
[2.356s] creating /opt/ros2_ws/src/moro/moro_maze/install/moro_maze/share/ament_index/resource_index/packages
[2.356s] copying resource/moro_maze -> /opt/ros2_ws/src/moro/moro_maze/install/moro_maze/share/ament_index/resource_index/packages
[2.356s] copying package.xml -> /opt/ros2_ws/src/moro/moro_maze/install/moro_maze/share/moro_maze
[2.356s] creating /opt/ros2_ws/src/moro/moro_maze/install/moro_maze/share/moro_maze/launch
[2.356s] copying launch/simulation_launch.py -> /opt/ros2_ws/src/moro/moro_maze/install/moro_maze/share/moro_maze/launch
[2.356s] creating /opt/ros2_ws/src/moro/moro_maze/install/moro_maze/share/moro_maze/maps
[2.357s] copying maps/map.pgm -> /opt/ros2_ws/src/moro/moro_maze/install/moro_maze/share/moro_maze/maps
[2.357s] copying maps/map.yaml -> /opt/ros2_ws/src/moro/moro_maze/install/moro_maze/share/moro_maze/maps
[2.357s] creating /opt/ros2_ws/src/moro/moro_maze/install/moro_maze/share/moro_maze/worlds
[2.357s] copying worlds/default_gzsim.world -> /opt/ros2_ws/src/moro/moro_maze/install/moro_maze/share/moro_maze/worlds
[2.358s] copying worlds/default.world -> /opt/ros2_ws/src/moro/moro_maze/install/moro_maze/share/moro_maze/worlds
[2.358s] creating /opt/ros2_ws/src/moro/moro_maze/install/moro_maze/share/moro_maze/params
[2.358s] copying params/nav2_params.yaml -> /opt/ros2_ws/src/moro/moro_maze/install/moro_maze/share/moro_maze/params
[2.359s] creating /opt/ros2_ws/src/moro/moro_maze/install/moro_maze/share/moro_maze/rviz
[2.359s] copying rviz/config.rviz -> /opt/ros2_ws/src/moro/moro_maze/install/moro_maze/share/moro_maze/rviz
[2.359s] running install_egg_info
[2.386s] Copying build/moro_maze/moro_maze.egg-info to /opt/ros2_ws/src/moro/moro_maze/install/moro_maze/lib/python3.12/site-packages/moro_maze-0.0.0-py3.12.egg-info
[2.387s] running install_scripts
[2.577s] Installing local_control script to /opt/ros2_ws/src/moro/moro_maze/install/moro_maze/lib/moro_maze
[2.577s] writing list of installed files to '/opt/ros2_ws/src/moro/moro_maze/build/moro_maze/install.log'
[2.613s] Invoked command in '/opt/ros2_ws/src/moro/moro_maze' returned '0': PS1=(myenv) \[\e]0;\u@\h: \w\a\]${debian_chroot:+($debian_chroot)}\[\033[01;32m\]\u@\h\[\033[00m\]:\[\033[01;34m\]\w\[\033[00m\]\$ PYTHONPATH=/opt/ros2_ws/src/moro/moro_maze/build/moro_maze/prefix_override:/usr/lib/python3/dist-packages/colcon_core/task/python/colcon_distutils_commands:/opt/ros2_ws/src/moro/moro_maze/install/moro_maze/lib/python3.12/site-packages:${PYTHONPATH} VIRTUAL_ENV_PROMPT=(myenv) /usr/bin/python3 -W ignore:setup.py install is deprecated -W ignore:easy_install command is deprecated setup.py egg_info --egg-base build/moro_maze build --build-base /opt/ros2_ws/src/moro/moro_maze/build/moro_maze/build install --record /opt/ros2_ws/src/moro/moro_maze/build/moro_maze/install.log --single-version-externally-managed install_data
