[0.741s] DEBUG:colcon:Command line arguments: ['/usr/bin/colcon', 'build', '--symlink-install']
[0.743s] DEBUG:colcon:Parsed command line arguments: Namespace(log_base=None, log_level=None, verb_name='build', build_base='build', install_base='install', merge_install=False, symlink_install=True, test_result_base=None, continue_on_error=False, executor='parallel', parallel_workers=4, event_handlers=None, ignore_user_meta=False, metas=['./colcon.meta'], base_paths=['.'], packages_ignore=None, packages_ignore_regex=None, paths=None, packages_up_to=None, packages_up_to_regex=None, packages_above=None, packages_above_and_dependencies=None, packages_above_depth=None, packages_select_by_dep=None, packages_skip_by_dep=None, packages_skip_up_to=None, packages_select_build_failed=False, packages_skip_build_finished=False, packages_select_test_failures=False, packages_skip_test_passed=False, packages_select=None, packages_skip=None, packages_select_regex=None, packages_skip_regex=None, packages_start=None, packages_end=None, cmake_args=None, cmake_target=None, cmake_target_skip_unavailable=False, cmake_clean_cache=False, cmake_clean_first=False, cmake_force_configure=False, ament_cmake_args=None, catkin_cmake_args=None, catkin_skip_building_tests=False, mixin_files=None, mixin=None, verb_parser=<colcon_mixin.mixin.mixin_argument.MixinArgumentDecorator object at 0x7ffffded7a70>, verb_extension=<colcon_core.verb.build.BuildVerb object at 0x7ffffe02bf80>, main=<bound method BuildVerb.main of <colcon_core.verb.build.BuildVerb object at 0x7ffffe02bf80>>, mixin_verb=('build',))
[0.989s] Level 1:colcon.colcon_core.package_discovery:discover_packages(colcon_meta) check parameters
[0.992s] INFO:colcon.colcon_metadata.package_discovery.colcon_meta:Using configuration from '/root/.colcon/metadata/default/Gazebo.meta'
[0.993s] INFO:colcon.colcon_metadata.package_discovery.colcon_meta:Using configuration from '/root/.colcon/metadata/default/fastdds.meta'
[0.998s] INFO:colcon.colcon_metadata.package_discovery.colcon_meta:Using configuration from '/root/.colcon/metadata/default/fastrtps.meta'
[0.999s] Level 1:colcon.colcon_core.package_discovery:discover_packages(recursive) check parameters
[0.999s] Level 1:colcon.colcon_core.package_discovery:discover_packages(ignore) check parameters
[0.999s] Level 1:colcon.colcon_core.package_discovery:discover_packages(path) check parameters
[1.000s] Level 1:colcon.colcon_core.package_discovery:discover_packages(colcon_meta) discover
[1.000s] Level 1:colcon.colcon_core.package_discovery:discover_packages(recursive) discover
[1.000s] INFO:colcon.colcon_core.package_discovery:Crawling recursively for packages in '/opt/ros2_ws/src/moro'
[1.000s] Level 1:colcon.colcon_core.package_identification:_identify(.) by extensions ['ignore', 'ignore_ament_install']
[1.010s] Level 1:colcon.colcon_core.package_identification:_identify(.) by extension 'ignore'
[1.011s] Level 1:colcon.colcon_core.package_identification:_identify(.) by extension 'ignore_ament_install'
[1.011s] Level 1:colcon.colcon_core.package_identification:_identify(.) by extensions ['colcon_pkg']
[1.011s] Level 1:colcon.colcon_core.package_identification:_identify(.) by extension 'colcon_pkg'
[1.011s] Level 1:colcon.colcon_core.package_identification:_identify(.) by extensions ['colcon_meta']
[1.011s] Level 1:colcon.colcon_core.package_identification:_identify(.) by extension 'colcon_meta'
[1.011s] Level 1:colcon.colcon_core.package_identification:_identify(.) by extensions ['ros']
[1.011s] Level 1:colcon.colcon_core.package_identification:_identify(.) by extension 'ros'
[1.111s] Level 1:colcon.colcon_core.package_identification:_identify(.) by extensions ['cmake', 'python']
[1.112s] Level 1:colcon.colcon_core.package_identification:_identify(.) by extension 'cmake'
[1.112s] Level 1:colcon.colcon_core.package_identification:_identify(.) by extension 'python'
[1.112s] Level 1:colcon.colcon_core.package_identification:_identify(.) by extensions ['python_setup_py']
[1.112s] Level 1:colcon.colcon_core.package_identification:_identify(.) by extension 'python_setup_py'
[1.112s] Level 1:colcon.colcon_core.package_identification:_identify(build) by extensions ['ignore', 'ignore_ament_install']
[1.113s] Level 1:colcon.colcon_core.package_identification:_identify(build) by extension 'ignore'
[1.113s] Level 1:colcon.colcon_core.package_identification:_identify(build) ignored
[1.113s] Level 1:colcon.colcon_core.package_identification:_identify(install) by extensions ['ignore', 'ignore_ament_install']
[1.113s] Level 1:colcon.colcon_core.package_identification:_identify(install) by extension 'ignore'
[1.114s] Level 1:colcon.colcon_core.package_identification:_identify(install) ignored
[1.114s] Level 1:colcon.colcon_core.package_identification:_identify(log) by extensions ['ignore', 'ignore_ament_install']
[1.114s] Level 1:colcon.colcon_core.package_identification:_identify(log) by extension 'ignore'
[1.114s] Level 1:colcon.colcon_core.package_identification:_identify(log) ignored
[1.115s] Level 1:colcon.colcon_core.package_identification:_identify(moro_maze) by extensions ['ignore', 'ignore_ament_install']
[1.115s] Level 1:colcon.colcon_core.package_identification:_identify(moro_maze) by extension 'ignore'
[1.115s] Level 1:colcon.colcon_core.package_identification:_identify(moro_maze) by extension 'ignore_ament_install'
[1.115s] Level 1:colcon.colcon_core.package_identification:_identify(moro_maze) by extensions ['colcon_pkg']
[1.115s] Level 1:colcon.colcon_core.package_identification:_identify(moro_maze) by extension 'colcon_pkg'
[1.115s] Level 1:colcon.colcon_core.package_identification:_identify(moro_maze) by extensions ['colcon_meta']
[1.115s] Level 1:colcon.colcon_core.package_identification:_identify(moro_maze) by extension 'colcon_meta'
[1.115s] Level 1:colcon.colcon_core.package_identification:_identify(moro_maze) by extensions ['ros']
[1.115s] Level 1:colcon.colcon_core.package_identification:_identify(moro_maze) by extension 'ros'
[1.133s] DEBUG:colcon.colcon_core.package_identification:Package 'moro_maze' with type 'ros.ament_python' and name 'moro_maze'
[1.133s] Level 1:colcon.colcon_core.package_discovery:discover_packages(recursive) using defaults
[1.133s] Level 1:colcon.colcon_core.package_discovery:discover_packages(ignore) discover
[1.133s] Level 1:colcon.colcon_core.package_discovery:discover_packages(ignore) using defaults
[1.133s] Level 1:colcon.colcon_core.package_discovery:discover_packages(path) discover
[1.133s] Level 1:colcon.colcon_core.package_discovery:discover_packages(path) using defaults
[1.185s] Level 5:colcon.colcon_core.verb:set package 'moro_maze' build argument 'cmake_args' from command line to 'None'
[1.186s] Level 5:colcon.colcon_core.verb:set package 'moro_maze' build argument 'cmake_target' from command line to 'None'
[1.186s] Level 5:colcon.colcon_core.verb:set package 'moro_maze' build argument 'cmake_target_skip_unavailable' from command line to 'False'
[1.186s] Level 5:colcon.colcon_core.verb:set package 'moro_maze' build argument 'cmake_clean_cache' from command line to 'False'
[1.186s] Level 5:colcon.colcon_core.verb:set package 'moro_maze' build argument 'cmake_clean_first' from command line to 'False'
[1.186s] Level 5:colcon.colcon_core.verb:set package 'moro_maze' build argument 'cmake_force_configure' from command line to 'False'
[1.186s] Level 5:colcon.colcon_core.verb:set package 'moro_maze' build argument 'ament_cmake_args' from command line to 'None'
[1.186s] Level 5:colcon.colcon_core.verb:set package 'moro_maze' build argument 'catkin_cmake_args' from command line to 'None'
[1.186s] Level 5:colcon.colcon_core.verb:set package 'moro_maze' build argument 'catkin_skip_building_tests' from command line to 'False'
[1.186s] DEBUG:colcon.colcon_core.verb:Building package 'moro_maze' with the following arguments: {'ament_cmake_args': None, 'build_base': '/opt/ros2_ws/src/moro/build/moro_maze', 'catkin_cmake_args': None, 'catkin_skip_building_tests': False, 'cmake_args': None, 'cmake_clean_cache': False, 'cmake_clean_first': False, 'cmake_force_configure': False, 'cmake_target': None, 'cmake_target_skip_unavailable': False, 'install_base': '/opt/ros2_ws/src/moro/install/moro_maze', 'merge_install': False, 'path': '/opt/ros2_ws/src/moro/moro_maze', 'symlink_install': True, 'test_result_base': None}
[1.186s] INFO:colcon.colcon_core.executor:Executing jobs using 'parallel' executor
[1.199s] DEBUG:colcon.colcon_parallel_executor.executor.parallel:run_until_complete
[1.202s] INFO:colcon.colcon_ros.task.ament_python.build:Building ROS package in '/opt/ros2_ws/src/moro/moro_maze' with build type 'ament_python'
[1.203s] Level 1:colcon.colcon_core.shell:create_environment_hook('moro_maze', 'ament_prefix_path')
[1.217s] INFO:colcon.colcon_core.plugin_system:Skipping extension 'colcon_core.shell.bat': Not used on non-Windows systems
[1.223s] INFO:colcon.colcon_core.shell:Creating environment hook '/opt/ros2_ws/src/moro/install/moro_maze/share/moro_maze/hook/ament_prefix_path.ps1'
[1.238s] INFO:colcon.colcon_core.shell:Creating environment descriptor '/opt/ros2_ws/src/moro/install/moro_maze/share/moro_maze/hook/ament_prefix_path.dsv'
[1.240s] INFO:colcon.colcon_core.shell:Creating environment hook '/opt/ros2_ws/src/moro/install/moro_maze/share/moro_maze/hook/ament_prefix_path.sh'
[1.243s] INFO:colcon.colcon_core.shell:Skip shell extension 'powershell' for command environment: Not usable outside of PowerShell
[1.243s] DEBUG:colcon.colcon_core.shell:Skip shell extension 'dsv' for command environment
[3.494s] INFO:colcon.colcon_core.task.python.build:Building Python package in '/opt/ros2_ws/src/moro/moro_maze'
[3.497s] INFO:colcon.colcon_core.shell:Skip shell extension 'powershell' for command environment: Not usable outside of PowerShell
[3.497s] DEBUG:colcon.colcon_core.shell:Skip shell extension 'dsv' for command environment
[7.608s] DEBUG:colcon.colcon_core.task.python.build:While undoing a previous installation files outside the Python library path are being ignored: /opt/ros2_ws/src/moro/install/moro_maze/share/ament_index/resource_index/packages/moro_maze
[7.609s] DEBUG:colcon.colcon_core.task.python.build:While undoing a previous installation files outside the Python library path are being ignored: /opt/ros2_ws/src/moro/install/moro_maze/share/moro_maze/package.xml
[7.613s] DEBUG:colcon.colcon_core.task.python.build:While undoing a previous installation files outside the Python library path are being ignored: /opt/ros2_ws/src/moro/install/moro_maze/share/moro_maze/launch/simulation_launch.py
[7.613s] DEBUG:colcon.colcon_core.task.python.build:While undoing a previous installation files outside the Python library path are being ignored: /opt/ros2_ws/src/moro/install/moro_maze/share/moro_maze/maps/map.pgm
[7.614s] DEBUG:colcon.colcon_core.task.python.build:While undoing a previous installation files outside the Python library path are being ignored: /opt/ros2_ws/src/moro/install/moro_maze/share/moro_maze/maps/map.yaml
[7.614s] DEBUG:colcon.colcon_core.task.python.build:While undoing a previous installation files outside the Python library path are being ignored: /opt/ros2_ws/src/moro/install/moro_maze/share/moro_maze/worlds/default_gzsim.world
[7.614s] DEBUG:colcon.colcon_core.task.python.build:While undoing a previous installation files outside the Python library path are being ignored: /opt/ros2_ws/src/moro/install/moro_maze/share/moro_maze/worlds/default.world
[7.614s] DEBUG:colcon.colcon_core.task.python.build:While undoing a previous installation files outside the Python library path are being ignored: /opt/ros2_ws/src/moro/install/moro_maze/share/moro_maze/params/nav2_params.yaml
[7.615s] DEBUG:colcon.colcon_core.task.python.build:While undoing a previous installation files outside the Python library path are being ignored: /opt/ros2_ws/src/moro/install/moro_maze/share/moro_maze/rviz/config.rviz
[7.618s] DEBUG:colcon.colcon_core.task.python.build:While undoing a previous installation files outside the Python library path are being ignored: /opt/ros2_ws/src/moro/install/moro_maze/lib/moro_maze/global_planner
[7.618s] DEBUG:colcon.colcon_core.task.python.build:While undoing a previous installation files outside the Python library path are being ignored: /opt/ros2_ws/src/moro/install/moro_maze/lib/moro_maze/local_control
[7.636s] DEBUG:colcon.colcon_core.event_handler.log_command:Invoking command in '/opt/ros2_ws/src/moro/build/moro_maze': PS1=(myenv) \[\e]0;\u@\h: \w\a\]${debian_chroot:+($debian_chroot)}\[\033[01;32m\]\u@\h\[\033[00m\]:\[\033[01;34m\]\w\[\033[00m\]\$ PYTHONPATH=/opt/ros2_ws/src/moro/build/moro_maze/prefix_override:/usr/lib/python3/dist-packages/colcon_core/task/python/colcon_distutils_commands:/opt/ros2_ws/src/moro/install/moro_maze/lib/python3.12/site-packages:${PYTHONPATH} VIRTUAL_ENV_PROMPT=(myenv) /usr/bin/python3 -W ignore:setup.py install is deprecated -W ignore:easy_install command is deprecated setup.py develop --editable --build-directory /opt/ros2_ws/src/moro/build/moro_maze/build --no-deps symlink_data --force
[10.978s] Level 1:colcon.colcon_core.shell:create_environment_hook('moro_maze', 'pythonpath_develop')
[10.981s] INFO:colcon.colcon_core.shell:Creating environment hook '/opt/ros2_ws/src/moro/build/moro_maze/share/moro_maze/hook/pythonpath_develop.ps1'
[10.982s] DEBUG:colcon.colcon_core.event_handler.log_command:Invoked command in '/opt/ros2_ws/src/moro/build/moro_maze' returned '0': PS1=(myenv) \[\e]0;\u@\h: \w\a\]${debian_chroot:+($debian_chroot)}\[\033[01;32m\]\u@\h\[\033[00m\]:\[\033[01;34m\]\w\[\033[00m\]\$ PYTHONPATH=/opt/ros2_ws/src/moro/build/moro_maze/prefix_override:/usr/lib/python3/dist-packages/colcon_core/task/python/colcon_distutils_commands:/opt/ros2_ws/src/moro/install/moro_maze/lib/python3.12/site-packages:${PYTHONPATH} VIRTUAL_ENV_PROMPT=(myenv) /usr/bin/python3 -W ignore:setup.py install is deprecated -W ignore:easy_install command is deprecated setup.py develop --editable --build-directory /opt/ros2_ws/src/moro/build/moro_maze/build --no-deps symlink_data --force
[10.984s] INFO:colcon.colcon_core.shell:Creating environment descriptor '/opt/ros2_ws/src/moro/build/moro_maze/share/moro_maze/hook/pythonpath_develop.dsv'
[10.985s] INFO:colcon.colcon_core.shell:Creating environment hook '/opt/ros2_ws/src/moro/build/moro_maze/share/moro_maze/hook/pythonpath_develop.sh'
[11.003s] Level 1:colcon.colcon_core.environment:checking '/opt/ros2_ws/src/moro/install/moro_maze' for CMake module files
[11.006s] Level 1:colcon.colcon_core.environment:checking '/opt/ros2_ws/src/moro/install/moro_maze' for CMake config files
[11.010s] Level 1:colcon.colcon_core.environment:checking '/opt/ros2_ws/src/moro/install/moro_maze/lib'
[11.011s] Level 1:colcon.colcon_core.environment:checking '/opt/ros2_ws/src/moro/install/moro_maze/bin'
[11.011s] Level 1:colcon.colcon_core.environment:checking '/opt/ros2_ws/src/moro/install/moro_maze/lib/pkgconfig/moro_maze.pc'
[11.011s] Level 1:colcon.colcon_core.environment:checking '/opt/ros2_ws/src/moro/install/moro_maze/lib/python3.12/site-packages'
[11.013s] Level 1:colcon.colcon_core.shell:create_environment_hook('moro_maze', 'pythonpath')
[11.013s] INFO:colcon.colcon_core.shell:Creating environment hook '/opt/ros2_ws/src/moro/install/moro_maze/share/moro_maze/hook/pythonpath.ps1'
[11.015s] INFO:colcon.colcon_core.shell:Creating environment descriptor '/opt/ros2_ws/src/moro/install/moro_maze/share/moro_maze/hook/pythonpath.dsv'
[11.018s] INFO:colcon.colcon_core.shell:Creating environment hook '/opt/ros2_ws/src/moro/install/moro_maze/share/moro_maze/hook/pythonpath.sh'
[11.023s] Level 1:colcon.colcon_core.environment:checking '/opt/ros2_ws/src/moro/install/moro_maze/bin'
[11.023s] Level 1:colcon.colcon_core.environment:create_environment_scripts_only(moro_maze)
[11.024s] INFO:colcon.colcon_core.shell:Creating package script '/opt/ros2_ws/src/moro/install/moro_maze/share/moro_maze/package.ps1'
[11.029s] INFO:colcon.colcon_core.shell:Creating package descriptor '/opt/ros2_ws/src/moro/install/moro_maze/share/moro_maze/package.dsv'
[11.031s] INFO:colcon.colcon_core.shell:Creating package script '/opt/ros2_ws/src/moro/install/moro_maze/share/moro_maze/package.sh'
[11.040s] INFO:colcon.colcon_core.shell:Creating package script '/opt/ros2_ws/src/moro/install/moro_maze/share/moro_maze/package.bash'
[11.042s] INFO:colcon.colcon_core.shell:Creating package script '/opt/ros2_ws/src/moro/install/moro_maze/share/moro_maze/package.zsh'
[11.045s] Level 1:colcon.colcon_core.environment:create_file_with_runtime_dependencies(/opt/ros2_ws/src/moro/install/moro_maze/share/colcon-core/packages/moro_maze)
[11.047s] DEBUG:colcon.colcon_parallel_executor.executor.parallel:closing loop
[11.048s] DEBUG:colcon.colcon_parallel_executor.executor.parallel:loop closed
[11.048s] DEBUG:colcon.colcon_parallel_executor.executor.parallel:run_until_complete finished with '0'
[11.048s] DEBUG:colcon.colcon_core.event_reactor:joining thread
[11.143s] INFO:colcon.colcon_core.plugin_system:Skipping extension 'colcon_notification.desktop_notification.notify_send': Could not find 'notify-send'
[11.143s] INFO:colcon.colcon_core.plugin_system:Skipping extension 'colcon_notification.desktop_notification.terminal_notifier': Not used on non-Darwin systems
[11.143s] INFO:colcon.colcon_core.plugin_system:Skipping extension 'colcon_notification.desktop_notification.win32': Not used on non-Windows systems
[11.144s] INFO:colcon.colcon_notification.desktop_notification:Sending desktop notification using 'notify2'
[11.174s] DEBUG:colcon.colcon_notification.desktop_notification.notify2:Failed to initialize notify2: org.freedesktop.DBus.Error.Spawn.ExecFailed: /usr/bin/dbus-launch terminated abnormally without any error message
[11.176s] DEBUG:colcon.colcon_core.event_reactor:joined thread
[11.177s] INFO:colcon.colcon_core.shell:Creating prefix script '/opt/ros2_ws/src/moro/install/local_setup.ps1'
[11.181s] INFO:colcon.colcon_core.shell:Creating prefix util module '/opt/ros2_ws/src/moro/install/_local_setup_util_ps1.py'
[11.187s] INFO:colcon.colcon_core.shell:Creating prefix chain script '/opt/ros2_ws/src/moro/install/setup.ps1'
[11.190s] INFO:colcon.colcon_core.shell:Creating prefix script '/opt/ros2_ws/src/moro/install/local_setup.sh'
[11.193s] INFO:colcon.colcon_core.shell:Creating prefix util module '/opt/ros2_ws/src/moro/install/_local_setup_util_sh.py'
[11.194s] INFO:colcon.colcon_core.shell:Creating prefix chain script '/opt/ros2_ws/src/moro/install/setup.sh'
[11.196s] INFO:colcon.colcon_core.shell:Creating prefix script '/opt/ros2_ws/src/moro/install/local_setup.bash'
[11.197s] INFO:colcon.colcon_core.shell:Creating prefix chain script '/opt/ros2_ws/src/moro/install/setup.bash'
[11.202s] INFO:colcon.colcon_core.shell:Creating prefix script '/opt/ros2_ws/src/moro/install/local_setup.zsh'
[11.204s] INFO:colcon.colcon_core.shell:Creating prefix chain script '/opt/ros2_ws/src/moro/install/setup.zsh'
