running develop
/usr/lib/python3/dist-packages/setuptools/command/easy_install.py:363: UserWarning: Unbuilt egg for pytest-repeat [unknown version] (/usr/lib/python3/dist-packages)
  self.local_index = Environment(self.shadow_path + sys.path)
running egg_info
writing moro_maze.egg-info/PKG-INFO
writing dependency_links to moro_maze.egg-info/dependency_links.txt
writing entry points to moro_maze.egg-info/entry_points.txt
writing requirements to moro_maze.egg-info/requires.txt
writing top-level names to moro_maze.egg-info/top_level.txt
reading manifest file 'moro_maze.egg-info/SOURCES.txt'
writing manifest file 'moro_maze.egg-info/SOURCES.txt'
running build_ext
Creating /opt/ros2_ws/src/moro/install/moro_maze/lib/python3.12/site-packages/moro-maze.egg-link (link to .)
Installing local_control script to /opt/ros2_ws/src/moro/install/moro_maze/lib/moro_maze

Installed /opt/ros2_ws/src/moro/build/moro_maze
running symlink_data
symbolically linking /opt/ros2_ws/src/moro/build/moro_maze/resource/moro_maze -> /opt/ros2_ws/src/moro/install/moro_maze/share/ament_index/resource_index/packages
symbolically linking /opt/ros2_ws/src/moro/build/moro_maze/package.xml -> /opt/ros2_ws/src/moro/install/moro_maze/share/moro_maze
symbolically linking /opt/ros2_ws/src/moro/build/moro_maze/launch/simulation_launch.py -> /opt/ros2_ws/src/moro/install/moro_maze/share/moro_maze/launch
symbolically linking /opt/ros2_ws/src/moro/build/moro_maze/maps/map.pgm -> /opt/ros2_ws/src/moro/install/moro_maze/share/moro_maze/maps
symbolically linking /opt/ros2_ws/src/moro/build/moro_maze/maps/map.yaml -> /opt/ros2_ws/src/moro/install/moro_maze/share/moro_maze/maps
symbolically linking /opt/ros2_ws/src/moro/build/moro_maze/worlds/default_gzsim.world -> /opt/ros2_ws/src/moro/install/moro_maze/share/moro_maze/worlds
symbolically linking /opt/ros2_ws/src/moro/build/moro_maze/worlds/default.world -> /opt/ros2_ws/src/moro/install/moro_maze/share/moro_maze/worlds
symbolically linking /opt/ros2_ws/src/moro/build/moro_maze/params/nav2_params.yaml -> /opt/ros2_ws/src/moro/install/moro_maze/share/moro_maze/params
symbolically linking /opt/ros2_ws/src/moro/build/moro_maze/rviz/config.rviz -> /opt/ros2_ws/src/moro/install/moro_maze/share/moro_maze/rviz
