[1.824s] Invoking command in '/opt/ros2_ws/src/moro/moro_maze': PS1=(myenv) \[\e]0;\u@\h: \w\a\]${debian_chroot:+($debian_chroot)}\[\033[01;32m\]\u@\h\[\033[00m\]:\[\033[01;34m\]\w\[\033[00m\]\$ PYTHONPATH=/opt/ros2_ws/src/moro/build/moro_maze/prefix_override:/usr/lib/python3/dist-packages/colcon_core/task/python/colcon_distutils_commands:/opt/ros2_ws/src/moro/install/moro_maze/lib/python3.12/site-packages:${PYTHONPATH} VIRTUAL_ENV_PROMPT=(myenv) /usr/bin/python3 -W ignore:setup.py install is deprecated -W ignore:easy_install command is deprecated setup.py egg_info --egg-base ../build/moro_maze build --build-base /opt/ros2_ws/src/moro/build/moro_maze/build install --record /opt/ros2_ws/src/moro/build/moro_maze/install.log --single-version-externally-managed install_data
[2.381s] running egg_info
[2.382s] creating ../build/moro_maze/moro_maze.egg-info
[2.407s] writing ../build/moro_maze/moro_maze.egg-info/PKG-INFO
[2.407s] writing dependency_links to ../build/moro_maze/moro_maze.egg-info/dependency_links.txt
[2.408s] writing entry points to ../build/moro_maze/moro_maze.egg-info/entry_points.txt
[2.408s] writing requirements to ../build/moro_maze/moro_maze.egg-info/requires.txt
[2.408s] writing top-level names to ../build/moro_maze/moro_maze.egg-info/top_level.txt
[2.408s] writing manifest file '../build/moro_maze/moro_maze.egg-info/SOURCES.txt'
[2.459s] reading manifest file '../build/moro_maze/moro_maze.egg-info/SOURCES.txt'
[2.460s] writing manifest file '../build/moro_maze/moro_maze.egg-info/SOURCES.txt'
[2.460s] running build
[2.460s] running build_py
[2.461s] creating /opt/ros2_ws/src/moro/build/moro_maze/build
[2.461s] creating /opt/ros2_ws/src/moro/build/moro_maze/build/lib
[2.461s] creating /opt/ros2_ws/src/moro/build/moro_maze/build/lib/moro_maze
[2.461s] copying moro_maze/__init__.py -> /opt/ros2_ws/src/moro/build/moro_maze/build/lib/moro_maze
[2.461s] copying moro_maze/local_control.py -> /opt/ros2_ws/src/moro/build/moro_maze/build/lib/moro_maze
[2.461s] copying moro_maze/global_planner.py -> /opt/ros2_ws/src/moro/build/moro_maze/build/lib/moro_maze
[2.462s] running install
[2.472s] running install_lib
[2.497s] creating /opt/ros2_ws/src/moro/install/moro_maze/lib/python3.12/site-packages/moro_maze
[2.497s] copying /opt/ros2_ws/src/moro/build/moro_maze/build/lib/moro_maze/__init__.py -> /opt/ros2_ws/src/moro/install/moro_maze/lib/python3.12/site-packages/moro_maze
[2.497s] copying /opt/ros2_ws/src/moro/build/moro_maze/build/lib/moro_maze/local_control.py -> /opt/ros2_ws/src/moro/install/moro_maze/lib/python3.12/site-packages/moro_maze
[2.497s] copying /opt/ros2_ws/src/moro/build/moro_maze/build/lib/moro_maze/global_planner.py -> /opt/ros2_ws/src/moro/install/moro_maze/lib/python3.12/site-packages/moro_maze
[2.498s] byte-compiling /opt/ros2_ws/src/moro/install/moro_maze/lib/python3.12/site-packages/moro_maze/__init__.py to __init__.cpython-312.pyc
[2.500s] byte-compiling /opt/ros2_ws/src/moro/install/moro_maze/lib/python3.12/site-packages/moro_maze/local_control.py to local_control.cpython-312.pyc
[2.508s] byte-compiling /opt/ros2_ws/src/moro/install/moro_maze/lib/python3.12/site-packages/moro_maze/global_planner.py to global_planner.cpython-312.pyc
[2.513s] running install_data
[2.513s] creating /opt/ros2_ws/src/moro/install/moro_maze/share/ament_index
[2.513s] creating /opt/ros2_ws/src/moro/install/moro_maze/share/ament_index/resource_index
[2.513s] creating /opt/ros2_ws/src/moro/install/moro_maze/share/ament_index/resource_index/packages
[2.514s] copying resource/moro_maze -> /opt/ros2_ws/src/moro/install/moro_maze/share/ament_index/resource_index/packages
[2.514s] copying package.xml -> /opt/ros2_ws/src/moro/install/moro_maze/share/moro_maze
[2.514s] creating /opt/ros2_ws/src/moro/install/moro_maze/share/moro_maze/launch
[2.514s] copying launch/simulation_launch.py -> /opt/ros2_ws/src/moro/install/moro_maze/share/moro_maze/launch
[2.514s] creating /opt/ros2_ws/src/moro/install/moro_maze/share/moro_maze/maps
[2.514s] copying maps/map.pgm -> /opt/ros2_ws/src/moro/install/moro_maze/share/moro_maze/maps
[2.514s] copying maps/map.yaml -> /opt/ros2_ws/src/moro/install/moro_maze/share/moro_maze/maps
[2.515s] creating /opt/ros2_ws/src/moro/install/moro_maze/share/moro_maze/worlds
[2.515s] copying worlds/default_gzsim.world -> /opt/ros2_ws/src/moro/install/moro_maze/share/moro_maze/worlds
[2.515s] copying worlds/default.world -> /opt/ros2_ws/src/moro/install/moro_maze/share/moro_maze/worlds
[2.515s] creating /opt/ros2_ws/src/moro/install/moro_maze/share/moro_maze/params
[2.515s] copying params/nav2_params.yaml -> /opt/ros2_ws/src/moro/install/moro_maze/share/moro_maze/params
[2.516s] creating /opt/ros2_ws/src/moro/install/moro_maze/share/moro_maze/rviz
[2.516s] copying rviz/config.rviz -> /opt/ros2_ws/src/moro/install/moro_maze/share/moro_maze/rviz
[2.516s] running install_egg_info
[2.542s] Copying ../build/moro_maze/moro_maze.egg-info to /opt/ros2_ws/src/moro/install/moro_maze/lib/python3.12/site-packages/moro_maze-0.0.0-py3.12.egg-info
[2.544s] running install_scripts
[2.733s] Installing global_planner script to /opt/ros2_ws/src/moro/install/moro_maze/lib/moro_maze
[2.733s] Installing local_control script to /opt/ros2_ws/src/moro/install/moro_maze/lib/moro_maze
[2.733s] writing list of installed files to '/opt/ros2_ws/src/moro/build/moro_maze/install.log'
[2.769s] Invoked command in '/opt/ros2_ws/src/moro/moro_maze' returned '0': PS1=(myenv) \[\e]0;\u@\h: \w\a\]${debian_chroot:+($debian_chroot)}\[\033[01;32m\]\u@\h\[\033[00m\]:\[\033[01;34m\]\w\[\033[00m\]\$ PYTHONPATH=/opt/ros2_ws/src/moro/build/moro_maze/prefix_override:/usr/lib/python3/dist-packages/colcon_core/task/python/colcon_distutils_commands:/opt/ros2_ws/src/moro/install/moro_maze/lib/python3.12/site-packages:${PYTHONPATH} VIRTUAL_ENV_PROMPT=(myenv) /usr/bin/python3 -W ignore:setup.py install is deprecated -W ignore:easy_install command is deprecated setup.py egg_info --egg-base ../build/moro_maze build --build-base /opt/ros2_ws/src/moro/build/moro_maze/build install --record /opt/ros2_ws/src/moro/build/moro_maze/install.log --single-version-externally-managed install_data
