running egg_info
writing ../build/moro_maze/moro_maze.egg-info/PKG-INFO
writing dependency_links to ../build/moro_maze/moro_maze.egg-info/dependency_links.txt
writing entry points to ../build/moro_maze/moro_maze.egg-info/entry_points.txt
writing requirements to ../build/moro_maze/moro_maze.egg-info/requires.txt
writing top-level names to ../build/moro_maze/moro_maze.egg-info/top_level.txt
reading manifest file '../build/moro_maze/moro_maze.egg-info/SOURCES.txt'
writing manifest file '../build/moro_maze/moro_maze.egg-info/SOURCES.txt'
running build
running build_py
copying moro_maze/local_control.py -> /opt/ros2_ws/src/moro/build/moro_maze/build/lib/moro_maze
running install
running install_lib
copying /opt/ros2_ws/src/moro/build/moro_maze/build/lib/moro_maze/local_control.py -> /opt/ros2_ws/src/moro/install/moro_maze/lib/python3.12/site-packages/moro_maze
byte-compiling /opt/ros2_ws/src/moro/install/moro_maze/lib/python3.12/site-packages/moro_maze/local_control.py to local_control.cpython-312.pyc
running install_data
copying launch/simulation_launch.py -> /opt/ros2_ws/src/moro/install/moro_maze/share/moro_maze/launch
running install_egg_info
removing '/opt/ros2_ws/src/moro/install/moro_maze/lib/python3.12/site-packages/moro_maze-0.0.0-py3.12.egg-info' (and everything under it)
Copying ../build/moro_maze/moro_maze.egg-info to /opt/ros2_ws/src/moro/install/moro_maze/lib/python3.12/site-packages/moro_maze-0.0.0-py3.12.egg-info
running install_scripts
Installing global_planner script to /opt/ros2_ws/src/moro/install/moro_maze/lib/moro_maze
Installing local_control script to /opt/ros2_ws/src/moro/install/moro_maze/lib/moro_maze
writing list of installed files to '/opt/ros2_ws/src/moro/build/moro_maze/install.log'
