[1.844s] Invoking command in '/opt/ros2_ws/src/moro/moro_maze': PS1=(myenv) \[\e]0;\u@\h: \w\a\]${debian_chroot:+($debian_chroot)}\[\033[01;32m\]\u@\h\[\033[00m\]:\[\033[01;34m\]\w\[\033[00m\]\$ PYTHONPATH=/opt/ros2_ws/src/moro/build/moro_maze/prefix_override:/usr/lib/python3/dist-packages/colcon_core/task/python/colcon_distutils_commands:/opt/ros2_ws/src/moro/install/moro_maze/lib/python3.12/site-packages:${PYTHONPATH} VIRTUAL_ENV_PROMPT=(myenv) /usr/bin/python3 -W ignore:setup.py install is deprecated -W ignore:easy_install command is deprecated setup.py egg_info --egg-base ../build/moro_maze build --build-base /opt/ros2_ws/src/moro/build/moro_maze/build install --record /opt/ros2_ws/src/moro/build/moro_maze/install.log --single-version-externally-managed install_data
[2.506s] running egg_info
[2.538s] writing ../build/moro_maze/moro_maze.egg-info/PKG-INFO
[2.538s] writing dependency_links to ../build/moro_maze/moro_maze.egg-info/dependency_links.txt
[2.539s] writing entry points to ../build/moro_maze/moro_maze.egg-info/entry_points.txt
[2.540s] writing requirements to ../build/moro_maze/moro_maze.egg-info/requires.txt
[2.540s] writing top-level names to ../build/moro_maze/moro_maze.egg-info/top_level.txt
[2.607s] reading manifest file '../build/moro_maze/moro_maze.egg-info/SOURCES.txt'
[2.609s] writing manifest file '../build/moro_maze/moro_maze.egg-info/SOURCES.txt'
[2.610s] running build
[2.610s] running build_py
[2.610s] copying moro_maze/local_control.py -> /opt/ros2_ws/src/moro/build/moro_maze/build/lib/moro_maze
[2.613s] running install
[2.627s] running install_lib
[2.659s] copying /opt/ros2_ws/src/moro/build/moro_maze/build/lib/moro_maze/local_control.py -> /opt/ros2_ws/src/moro/install/moro_maze/lib/python3.12/site-packages/moro_maze
[2.660s] byte-compiling /opt/ros2_ws/src/moro/install/moro_maze/lib/python3.12/site-packages/moro_maze/local_control.py to local_control.cpython-312.pyc
[2.681s] running install_data
[2.681s] copying launch/simulation_launch.py -> /opt/ros2_ws/src/moro/install/moro_maze/share/moro_maze/launch
[2.684s] running install_egg_info
[2.720s] removing '/opt/ros2_ws/src/moro/install/moro_maze/lib/python3.12/site-packages/moro_maze-0.0.0-py3.12.egg-info' (and everything under it)
[2.721s] Copying ../build/moro_maze/moro_maze.egg-info to /opt/ros2_ws/src/moro/install/moro_maze/lib/python3.12/site-packages/moro_maze-0.0.0-py3.12.egg-info
[2.723s] running install_scripts
[3.063s] Installing global_planner script to /opt/ros2_ws/src/moro/install/moro_maze/lib/moro_maze
[3.065s] Installing local_control script to /opt/ros2_ws/src/moro/install/moro_maze/lib/moro_maze
[3.066s] writing list of installed files to '/opt/ros2_ws/src/moro/build/moro_maze/install.log'
[3.139s] Invoked command in '/opt/ros2_ws/src/moro/moro_maze' returned '0': PS1=(myenv) \[\e]0;\u@\h: \w\a\]${debian_chroot:+($debian_chroot)}\[\033[01;32m\]\u@\h\[\033[00m\]:\[\033[01;34m\]\w\[\033[00m\]\$ PYTHONPATH=/opt/ros2_ws/src/moro/build/moro_maze/prefix_override:/usr/lib/python3/dist-packages/colcon_core/task/python/colcon_distutils_commands:/opt/ros2_ws/src/moro/install/moro_maze/lib/python3.12/site-packages:${PYTHONPATH} VIRTUAL_ENV_PROMPT=(myenv) /usr/bin/python3 -W ignore:setup.py install is deprecated -W ignore:easy_install command is deprecated setup.py egg_info --egg-base ../build/moro_maze build --build-base /opt/ros2_ws/src/moro/build/moro_maze/build install --record /opt/ros2_ws/src/moro/build/moro_maze/install.log --single-version-externally-managed install_data
