/opt/ros2_ws/src/moro/moro_maze/install/moro_maze/lib/python3.12/site-packages/moro_maze/__init__.py
/opt/ros2_ws/src/moro/moro_maze/install/moro_maze/lib/python3.12/site-packages/moro_maze/local_control.py
/opt/ros2_ws/src/moro/moro_maze/install/moro_maze/lib/python3.12/site-packages/moro_maze/global_planner.py
/opt/ros2_ws/src/moro/moro_maze/install/moro_maze/lib/python3.12/site-packages/moro_maze/__pycache__/__init__.cpython-312.pyc
/opt/ros2_ws/src/moro/moro_maze/install/moro_maze/lib/python3.12/site-packages/moro_maze/__pycache__/local_control.cpython-312.pyc
/opt/ros2_ws/src/moro/moro_maze/install/moro_maze/lib/python3.12/site-packages/moro_maze/__pycache__/global_planner.cpython-312.pyc
/opt/ros2_ws/src/moro/moro_maze/install/moro_maze/share/ament_index/resource_index/packages/moro_maze
/opt/ros2_ws/src/moro/moro_maze/install/moro_maze/share/moro_maze/package.xml
/opt/ros2_ws/src/moro/moro_maze/install/moro_maze/share/moro_maze/launch/simulation_launch.py
/opt/ros2_ws/src/moro/moro_maze/install/moro_maze/share/moro_maze/maps/map.pgm
/opt/ros2_ws/src/moro/moro_maze/install/moro_maze/share/moro_maze/maps/map.yaml
/opt/ros2_ws/src/moro/moro_maze/install/moro_maze/share/moro_maze/worlds/default_gzsim.world
/opt/ros2_ws/src/moro/moro_maze/install/moro_maze/share/moro_maze/worlds/default.world
/opt/ros2_ws/src/moro/moro_maze/install/moro_maze/share/moro_maze/params/nav2_params.yaml
/opt/ros2_ws/src/moro/moro_maze/install/moro_maze/share/moro_maze/rviz/config.rviz
/opt/ros2_ws/src/moro/moro_maze/install/moro_maze/lib/python3.12/site-packages/moro_maze-0.0.0-py3.12.egg-info/top_level.txt
/opt/ros2_ws/src/moro/moro_maze/install/moro_maze/lib/python3.12/site-packages/moro_maze-0.0.0-py3.12.egg-info/entry_points.txt
/opt/ros2_ws/src/moro/moro_maze/install/moro_maze/lib/python3.12/site-packages/moro_maze-0.0.0-py3.12.egg-info/PKG-INFO
/opt/ros2_ws/src/moro/moro_maze/install/moro_maze/lib/python3.12/site-packages/moro_maze-0.0.0-py3.12.egg-info/SOURCES.txt
/opt/ros2_ws/src/moro/moro_maze/install/moro_maze/lib/python3.12/site-packages/moro_maze-0.0.0-py3.12.egg-info/zip-safe
/opt/ros2_ws/src/moro/moro_maze/install/moro_maze/lib/python3.12/site-packages/moro_maze-0.0.0-py3.12.egg-info/dependency_links.txt
/opt/ros2_ws/src/moro/moro_maze/install/moro_maze/lib/python3.12/site-packages/moro_maze-0.0.0-py3.12.egg-info/requires.txt
/opt/ros2_ws/src/moro/moro_maze/install/moro_maze/lib/moro_maze/local_control
